// Jest Snapshot v1, https://goo.gl/fbAQLP

exports[`basic it copies netlify files file 1`] = `
"foobar
"
`;

exports[`basic it copies netlify files file 2`] = `
"barfoo
"
`;
